------------------------------------------------------------
Timing Analyzer Summary
------------------------------------------------------------

Type  : Slow 1200mV 85C Model Setup 'pll_inst|altpll_component|auto_generated|pll1|clk[1]'
Slack : -2.670
TNS   : -22.460

Type  : Slow 1200mV 85C Model Setup 'NET1_RX_CLK'
Slack : 0.127
TNS   : 0.000

Type  : Slow 1200mV 85C Model Setup 'pll_inst|altpll_component|auto_generated|pll1|clk[0]'
Slack : 3.626
TNS   : 0.000

Type  : Slow 1200mV 85C Model Hold 'pll_inst|altpll_component|auto_generated|pll1|clk[1]'
Slack : 0.388
TNS   : 0.000

Type  : Slow 1200mV 85C Model Hold 'NET1_RX_CLK'
Slack : 0.430
TNS   : 0.000

Type  : Slow 1200mV 85C Model Hold 'pll_inst|altpll_component|auto_generated|pll1|clk[0]'
Slack : 0.642
TNS   : 0.000

Type  : Slow 1200mV 85C Model Recovery 'NET1_RX_CLK'
Slack : -0.663
TNS   : -0.663

Type  : Slow 1200mV 85C Model Removal 'NET1_RX_CLK'
Slack : 1.189
TNS   : 0.000

Type  : Slow 1200mV 85C Model Minimum Pulse Width 'NET1_RX_CLK'
Slack : -3.000
TNS   : -36.355

Type  : Slow 1200mV 85C Model Minimum Pulse Width 'pll_inst|altpll_component|auto_generated|pll1|clk[1]'
Slack : 3.708
TNS   : 0.000

Type  : Slow 1200mV 85C Model Minimum Pulse Width 'pll_inst|altpll_component|auto_generated|pll1|clk[0]'
Slack : 4.710
TNS   : 0.000

Type  : Slow 1200mV 85C Model Minimum Pulse Width 'CLOCK_50'
Slack : 9.819
TNS   : 0.000

Type  : Slow 1200mV 0C Model Setup 'pll_inst|altpll_component|auto_generated|pll1|clk[1]'
Slack : -2.223
TNS   : -14.953

Type  : Slow 1200mV 0C Model Setup 'NET1_RX_CLK'
Slack : 0.216
TNS   : 0.000

Type  : Slow 1200mV 0C Model Setup 'pll_inst|altpll_component|auto_generated|pll1|clk[0]'
Slack : 4.088
TNS   : 0.000

Type  : Slow 1200mV 0C Model Hold 'pll_inst|altpll_component|auto_generated|pll1|clk[1]'
Slack : 0.354
TNS   : 0.000

Type  : Slow 1200mV 0C Model Hold 'NET1_RX_CLK'
Slack : 0.397
TNS   : 0.000

Type  : Slow 1200mV 0C Model Hold 'pll_inst|altpll_component|auto_generated|pll1|clk[0]'
Slack : 0.586
TNS   : 0.000

Type  : Slow 1200mV 0C Model Recovery 'NET1_RX_CLK'
Slack : -0.507
TNS   : -0.507

Type  : Slow 1200mV 0C Model Removal 'NET1_RX_CLK'
Slack : 1.086
TNS   : 0.000

Type  : Slow 1200mV 0C Model Minimum Pulse Width 'NET1_RX_CLK'
Slack : -3.000
TNS   : -35.915

Type  : Slow 1200mV 0C Model Minimum Pulse Width 'pll_inst|altpll_component|auto_generated|pll1|clk[1]'
Slack : 3.693
TNS   : 0.000

Type  : Slow 1200mV 0C Model Minimum Pulse Width 'pll_inst|altpll_component|auto_generated|pll1|clk[0]'
Slack : 4.711
TNS   : 0.000

Type  : Slow 1200mV 0C Model Minimum Pulse Width 'CLOCK_50'
Slack : 9.799
TNS   : 0.000

Type  : Fast 1200mV 0C Model Setup 'pll_inst|altpll_component|auto_generated|pll1|clk[1]'
Slack : -1.085
TNS   : -1.085

Type  : Fast 1200mV 0C Model Setup 'NET1_RX_CLK'
Slack : 0.569
TNS   : 0.000

Type  : Fast 1200mV 0C Model Setup 'pll_inst|altpll_component|auto_generated|pll1|clk[0]'
Slack : 6.841
TNS   : 0.000

Type  : Fast 1200mV 0C Model Hold 'pll_inst|altpll_component|auto_generated|pll1|clk[1]'
Slack : 0.170
TNS   : 0.000

Type  : Fast 1200mV 0C Model Hold 'NET1_RX_CLK'
Slack : 0.188
TNS   : 0.000

Type  : Fast 1200mV 0C Model Hold 'pll_inst|altpll_component|auto_generated|pll1|clk[0]'
Slack : 0.291
TNS   : 0.000

Type  : Fast 1200mV 0C Model Recovery 'NET1_RX_CLK'
Slack : 0.159
TNS   : 0.000

Type  : Fast 1200mV 0C Model Removal 'NET1_RX_CLK'
Slack : 0.551
TNS   : 0.000

Type  : Fast 1200mV 0C Model Minimum Pulse Width 'NET1_RX_CLK'
Slack : -3.000
TNS   : -19.464

Type  : Fast 1200mV 0C Model Minimum Pulse Width 'pll_inst|altpll_component|auto_generated|pll1|clk[1]'
Slack : 3.751
TNS   : 0.000

Type  : Fast 1200mV 0C Model Minimum Pulse Width 'pll_inst|altpll_component|auto_generated|pll1|clk[0]'
Slack : 4.782
TNS   : 0.000

Type  : Fast 1200mV 0C Model Minimum Pulse Width 'CLOCK_50'
Slack : 9.400
TNS   : 0.000

------------------------------------------------------------
